yarn run v1.22.22
$ next build
  ▲ Next.js 14.2.15
  - Environments: .env.local, .env
  - Experiments (use with caution):
    · forceSwcTransforms

   Creating an optimized production build ...

🌼   daisyUI 4.12.10
├─ ✔︎ 1 theme added		https://daisyui.com/docs/themes
╰─ ★ Star daisyUI on GitHub	https://github.com/saadeghi/daisyui

 ✓ Compiled successfully
   Linting and checking validity of types ...
Failed to compile.

./scaffold-eth-2/packages/hardhat/scripts/generateAccount.ts:2:34
Type error: Cannot find module 'envfile' or its corresponding type declarations.

[0m [90m 1 |[39m [36mimport[39m { ethers } [36mfrom[39m [32m"ethers"[39m[33m;[39m[0m
[0m[31m[1m>[22m[39m[90m 2 |[39m [36mimport[39m { parse[33m,[39m stringify } [36mfrom[39m [32m"envfile"[39m[33m;[39m[0m
[0m [90m   |[39m                                  [31m[1m^[22m[39m[0m
[0m [90m 3 |[39m [36mimport[39m [33m*[39m [36mas[39m fs [36mfrom[39m [32m"fs"[39m[33m;[39m[0m
[0m [90m 4 |[39m[0m
[0m [90m 5 |[39m [36mconst[39m envFilePath [33m=[39m [32m"./.env"[39m[33m;[39m[0m
error Command failed with exit code 1.
info Visit https://yarnpkg.com/en/docs/cli/run for documentation about this command.
